C51 COMPILER V9.59.0.0   LED1                                                              04/13/2024 21:15:01 PAGE 1   


C51 COMPILER V9.59.0.0, COMPILATION OF MODULE LED1
OBJECT MODULE PLACED IN .\Objects\led1.obj
COMPILER INVOKED BY: C:\Keil_v5\C51\BIN\C51.EXE led1.c OPTIMIZE(8,SPEED) BROWSE DEBUG OBJECTEXTEND PRINT(.\Listings\led1
                    -.lst) TABS(2) OBJECT(.\Objects\led1.obj)

line level    source

   1          #include <REGX51.H>
   2          
   3          
   4          void main()
   5          {
   6   1        P2 = 0xFE;//1111 1110
   7   1      
   8   1        while(1)
   9   1      {
  10   2      
  11   2      }
  12   1      
  13   1      
  14   1      }


MODULE INFORMATION:   STATIC OVERLAYABLE
   CODE SIZE        =      5    ----
   CONSTANT SIZE    =   ----    ----
   XDATA SIZE       =   ----    ----
   PDATA SIZE       =   ----    ----
   DATA SIZE        =   ----    ----
   IDATA SIZE       =   ----    ----
   BIT SIZE         =   ----    ----
END OF MODULE INFORMATION.


C51 COMPILATION COMPLETE.  0 WARNING(S),  0 ERROR(S)
