BL51 BANKED LINKER/LOCATER V6.22.2.0                                                    04/13/2024  21:15:02  PAGE 1


BL51 BANKED LINKER/LOCATER V6.22.2.0, INVOKED BY:
C:\KEIL_V5\C51\BIN\BL51.EXE .\Objects\led1.obj TO .\Objects\led1 PRINT (.\Listings\led1.m51)


MEMORY MODEL: SMALL


INPUT MODULES INCLUDED:
  .\Objects\led1.obj (LED1)
  C:\KEIL_V5\C51\LIB\C51S.LIB (?C_STARTUP)


LINK MAP OF MODULE:  .\Objects\led1 (LED1)


            TYPE    BASE      LENGTH    RELOCATION   SEGMENT NAME
            -----------------------------------------------------

            * * * * * * *   D A T A   M E M O R Y   * * * * * * *
            REG     0000H     0008H     ABSOLUTE     "REG BANK 0"
            IDATA   0008H     0001H     UNIT         ?STACK

            * * * * * * *   C O D E   M E M O R Y   * * * * * * *
            CODE    0000H     0003H     ABSOLUTE     
            CODE    0003H     000CH     UNIT         ?C_C51STARTUP
            CODE    000FH     0005H     UNIT         ?PR?MAIN?LED1



OVERLAY MAP OF MODULE:   .\Objects\led1 (LED1)


SEGMENT
  +--> CALLED SEGMENT
---------------------
?C_C51STARTUP
  +--> ?PR?MAIN?LED1



SYMBOL TABLE OF MODULE:  .\Objects\led1 (LED1)

  VALUE           TYPE          NAME
  ----------------------------------

  -------         MODULE        LED1
  C:0000H         SYMBOL        _ICE_DUMMY_
  D:00A0H         PUBLIC        P2
  C:000FH         PUBLIC        main
  -------         PROC          MAIN
  C:000FH         LINE#         4
  C:000FH         LINE#         5
  C:000FH         LINE#         6
  C:0012H         LINE#         8
  C:0012H         LINE#         9
  C:0012H         LINE#         11
  -------         ENDPROC       MAIN
  -------         ENDMOD        LED1
BL51 BANKED LINKER/LOCATER V6.22.2.0                                                  04/13/2024  21:15:02  PAGE 2



Program Size: data=9.0 xdata=0 code=20
LINK/LOCATE RUN COMPLETE.  0 WARNING(S),  0 ERROR(S)
